main.c:335:5:main	96	static
main.c:556:6:SystemClock_Config	136	static
main.c:605:13:MX_SPI2_Init	8	static
main.c:643:13:MX_TIM2_Init	32	static
main.c:688:13:MX_TIM3_Init	32	static
main.c:733:13:MX_USART2_UART_Init	8	static
main.c:768:13:MX_USART5_UART_Init	8	static
main.c:803:13:MX_GPIO_Init	56	static
main.c:863:6:select_mux	16	static
main.c:870:6:scan_sensors	16	static
main.c:918:6:HAL_UART_RxCpltCallback	16	static
main.c:929:6:HAL_TIM_PeriodElapsedCallback	16	static
main.c:937:6:update_bee_rate	8	static
main.c:944:6:update_signal	8	static
main.c:951:6:invert_lsB_msB	72	static
main.c:961:6:xbee_send_string	336	static
main.c:996:6:xbee_send_alert	280	static
main.c:1007:6:read_xbee	136	static
main.c:1157:6:Error_Handler	8	static,ignoring_inline_asm
